#
# There is insufficient memory for the Java Runtime Environment to continue.
# Native memory allocation (malloc) failed to allocate 1048576 bytes. Error detail: AllocateHeap
# Possible reasons:
#   The system is out of physical RAM or swap space
#   This process is running with CompressedOops enabled, and the Java Heap may be blocking the growth of the native heap
# Possible solutions:
#   Reduce memory load on the system
#   Increase physical memory or swap space
#   Check if swap backing store is full
#   Decrease Java heap size (-Xmx/-Xms)
#   Decrease number of Java threads
#   Decrease Java thread stack sizes (-Xss)
#   Set larger code cache with -XX:ReservedCodeCacheSize=
#   JVM is running with Unscaled Compressed Oops mode in which the Java heap is
#     placed in the first 4GB address space. The Java Heap base address is the
#     maximum limit for the native heap growth. Please use -XX:HeapBaseMinAddress
#     to set the Java Heap base and to place the Java Heap above 4GB virtual address.
# This output file may be truncated or incomplete.
#
#  Out of Memory Error (allocation.cpp:44), pid=14180, tid=6244
#
# JRE version:  (17.0.18+8) (build )
# Java VM: OpenJDK 64-Bit Server VM (17.0.18+8, mixed mode, sharing, tiered, compressed oops, compressed class ptrs, g1 gc, windows-amd64)
# No core dump will be written. Minidumps are not enabled by default on client versions of Windows
#

---------------  S U M M A R Y ------------

Command Line: 

Host: Intel(R) Core(TM) i5-8265U CPU @ 1.60GHz, 8 cores, 7G,  Windows 10 , 64 bit Build 19041 (10.0.19041.3636)
Time: Thu Jun 18 21:00:48 2026 SE Asia Standard Time elapsed time: 0.158226 seconds (0d 0h 0m 0s)

---------------  T H R E A D  ---------------

Current thread (0x000001d3d51a0750):  JavaThread "Unknown thread" [_thread_in_vm, id=6244, stack(0x00000060a3500000,0x00000060a3600000)]

Stack: [0x00000060a3500000,0x00000060a3600000]
Native frames: (J=compiled Java code, j=interpreted, Vv=VM code, C=native code)
V  [jvm.dll+0x6846f9]
V  [jvm.dll+0x839ea5]
V  [jvm.dll+0x83b91e]
V  [jvm.dll+0x83bfa3]
V  [jvm.dll+0x248eff]
V  [jvm.dll+0xa7b47]
V  [jvm.dll+0x2e96b3]
V  [jvm.dll+0x2e11bf]
V  [jvm.dll+0x80cd6b]
V  [jvm.dll+0x36ea21]
V  [jvm.dll+0x7eb945]
V  [jvm.dll+0x3f462b]
V  [jvm.dll+0x3f6111]
C  [jli.dll+0x52d0]
C  [ucrtbase.dll+0x21bb2]
C  [KERNEL32.DLL+0x17344]
C  [ntdll.dll+0x526b1]


---------------  P R O C E S S  ---------------

Threads class SMR info:
_java_thread_list=0x00007ff84ee67f58, length=0, elements={
}

Java Threads: ( => current thread )

Other Threads:
  0x000001d3de55ab70 GCTaskThread "GC Thread#0" [stack: 0x00000060a3c00000,0x00000060a3d00000] [id=2992]

[error occurred during error reporting (printing all threads), id 0xc0000005, EXCEPTION_ACCESS_VIOLATION (0xc0000005) at pc=0x00007ff84e61e3a0]

VM state: not at safepoint (not fully initialized)

VM Mutex/Monitor currently owned by a thread:  ([mutex/lock_event])
[0x000001d3d51911c0] Heap_lock - owner thread: 0x000001d3d51a0750

Heap address: 0x0000000082c00000, size: 2004 MB, Compressed Oops mode: 32-bit

CDS archive(s) mapped at: [0x0000000000000000-0x0000000000000000-0x0000000000000000), size 0, SharedBaseAddress: 0x0000000800000000, ArchiveRelocationMode: 1.
Narrow klass base: 0x0000000000000000, Narrow klass shift: 0, Narrow klass range: 0x0

GC Precious Log:
<Empty>

Heap:
 garbage-first heap   total 0K, used 0K [0x0000000082c00000, 0x0000000100000000)
  region size 1024K, 0 young (0K), 0 survivors (0K)

[error occurred during error reporting (printing heap information), id 0xc0000005, EXCEPTION_ACCESS_VIOLATION (0xc0000005) at pc=0x00007ff84ea0dd09]

GC Heap History (0 events):
No events

Dll operation events (1 events):
Event: 0.150 Loaded shared library C:\Program Files\Eclipse Adoptium\jdk-17.0.18.8-hotspot\bin\java.dll

Deoptimization events (0 events):
No events

Classes loaded (0 events):
No events

Classes unloaded (0 events):
No events

Classes redefined (0 events):
No events

Internal exceptions (0 events):
No events

VM Operations (0 events):
No events

Memory protections (0 events):
No events

Nmethod flushes (0 events):
No events

Events (0 events):
No events


Dynamic libraries:
0x00007ff729fa0000 - 0x00007ff729fae000 	C:\Program Files\Eclipse Adoptium\jdk-17.0.18.8-hotspot\bin\java.exe
0x00007ff8a4670000 - 0x00007ff8a4868000 	C:\Windows\SYSTEM32\ntdll.dll
0x00007ff8a3100000 - 0x00007ff8a31bd000 	C:\Windows\System32\KERNEL32.DLL
0x00007ff8a20f0000 - 0x00007ff8a23e6000 	C:\Windows\System32\KERNELBASE.dll
0x00007ff86f330000 - 0x00007ff86f3de000 	c:\Users\MAY\AppData\Local\Programs\Trae\resources\app\modules\sandbox\x64\trae_sbox.dll
0x00007ff8a3c60000 - 0x00007ff8a3d10000 	C:\Windows\System32\ADVAPI32.dll
0x00007ff8a26a0000 - 0x00007ff8a273e000 	C:\Windows\System32\msvcrt.dll
0x00007ff8a2fa0000 - 0x00007ff8a3040000 	C:\Windows\System32\sechost.dll
0x00007ff8a2740000 - 0x00007ff8a2863000 	C:\Windows\System32\RPCRT4.dll
0x00007ff8a2490000 - 0x00007ff8a24b7000 	C:\Windows\System32\bcrypt.dll
0x00007ff8a24c0000 - 0x00007ff8a25c0000 	C:\Windows\System32\ucrtbase.dll
0x00007ff8801d0000 - 0x00007ff8801e8000 	C:\Program Files\Eclipse Adoptium\jdk-17.0.18.8-hotspot\bin\jli.dll
0x00007ff883480000 - 0x00007ff88349e000 	C:\Program Files\Eclipse Adoptium\jdk-17.0.18.8-hotspot\bin\VCRUNTIME140.dll
0x00007ff8a3d10000 - 0x00007ff8a3eaf000 	C:\Windows\System32\USER32.dll
0x00007ff8a25c0000 - 0x00007ff8a25e2000 	C:\Windows\System32\win32u.dll
0x00007ff8a31c0000 - 0x00007ff8a31eb000 	C:\Windows\System32\GDI32.dll
0x00007ff8a1f80000 - 0x00007ff8a2097000 	C:\Windows\System32\gdi32full.dll
0x00007ff8a23f0000 - 0x00007ff8a248d000 	C:\Windows\System32\msvcp_win.dll
0x00007ff88cf50000 - 0x00007ff88d1ea000 	C:\Windows\WinSxS\amd64_microsoft.windows.common-controls_6595b64144ccf1df_6.0.19041.4355_none_60b8b9eb71f62e16\COMCTL32.dll
0x00007ff87bb60000 - 0x00007ff87bbef000 	c:\Users\MAY\AppData\Local\Programs\Trae\resources\app\modules\sandbox\x64\sbox_ipc.dll
0x00007ff8a3040000 - 0x00007ff8a3072000 	C:\Windows\System32\IMM32.DLL
0x00007ff89f910000 - 0x00007ff89faf4000 	C:\Windows\SYSTEM32\dbghelp.dll
0x00007ff8908a0000 - 0x00007ff8908d4000 	C:\Windows\SYSTEM32\dbgcore.DLL
0x00007ff8931a0000 - 0x00007ff8931ac000 	C:\Program Files\Eclipse Adoptium\jdk-17.0.18.8-hotspot\bin\vcruntime140_1.dll
0x00007ff86ede0000 - 0x00007ff86ee6d000 	C:\Program Files\Eclipse Adoptium\jdk-17.0.18.8-hotspot\bin\msvcp140.dll
0x00007ff84e330000 - 0x00007ff84ef9b000 	C:\Program Files\Eclipse Adoptium\jdk-17.0.18.8-hotspot\bin\server\jvm.dll
0x00007ff8a3090000 - 0x00007ff8a30fb000 	C:\Windows\System32\WS2_32.dll
0x00007ff8a1a50000 - 0x00007ff8a1a9b000 	C:\Windows\SYSTEM32\POWRPROF.dll
0x00007ff88bb00000 - 0x00007ff88bb27000 	C:\Windows\SYSTEM32\WINMM.dll
0x00007ff899bd0000 - 0x00007ff899bda000 	C:\Windows\SYSTEM32\VERSION.dll
0x00007ff8a1880000 - 0x00007ff8a1892000 	C:\Windows\SYSTEM32\UMPDC.dll
0x00007ff8a0530000 - 0x00007ff8a0542000 	C:\Windows\SYSTEM32\kernel.appcore.dll
0x00007ff88bae0000 - 0x00007ff88baea000 	C:\Program Files\Eclipse Adoptium\jdk-17.0.18.8-hotspot\bin\jimage.dll
0x00007ff8a1d90000 - 0x00007ff8a1e12000 	C:\Windows\System32\bcryptPrimitives.dll
0x00007ff8a1150000 - 0x00007ff8a121b000 	C:\Windows\SYSTEM32\dnsapi.dll
0x00007ff8a1110000 - 0x00007ff8a114b000 	C:\Windows\SYSTEM32\IPHLPAPI.DLL
0x00007ff8a3eb0000 - 0x00007ff8a3eb8000 	C:\Windows\System32\NSI.dll
0x00007ff8a3ec0000 - 0x00007ff8a462d000 	C:\Windows\System32\Shell32.dll
0x00007ff89fd80000 - 0x00007ff8a051d000 	C:\Windows\SYSTEM32\windows.storage.dll
0x00007ff8a2b00000 - 0x00007ff8a2e53000 	C:\Windows\System32\combase.dll
0x00007ff8a16d0000 - 0x00007ff8a16fe000 	C:\Windows\SYSTEM32\Wldp.dll
0x00007ff8a3a50000 - 0x00007ff8a3b1d000 	C:\Windows\System32\OLEAUT32.dll
0x00007ff8a3840000 - 0x00007ff8a38ed000 	C:\Windows\System32\shcore.dll
0x00007ff89f270000 - 0x00007ff89f30e000 	C:\Windows\system32\uxtheme.dll
0x00007ff8a3b80000 - 0x00007ff8a3bd5000 	C:\Windows\System32\shlwapi.dll
0x00007ff8a3790000 - 0x00007ff8a3839000 	C:\Windows\System32\clbcatq.dll
0x00007ff89a980000 - 0x00007ff89b150000 	C:\Windows\System32\OneCoreUAPCommonProxyStub.dll
0x00007ff8a3660000 - 0x00007ff8a378b000 	C:\Windows\System32\ole32.dll
0x00007ff8a20a0000 - 0x00007ff8a20ee000 	C:\Windows\System32\CFGMGR32.dll
0x00007ff89d470000 - 0x00007ff89d566000 	C:\Windows\SYSTEM32\PROPSYS.dll
0x00007ff88b6b0000 - 0x00007ff88b7f6000 	C:\Windows\System32\Windows.StateRepositoryPS.dll
0x00007ff8a0e10000 - 0x00007ff8a0e43000 	C:\Windows\SYSTEM32\ntmarta.dll
0x00007ff87d410000 - 0x00007ff87d471000 	C:\Windows\System32\Windows.FileExplorer.Common.dll
0x00007ff8933d0000 - 0x00007ff89368c000 	C:\Windows\System32\iertutil.dll
0x00007ff8a1c50000 - 0x00007ff8a1c74000 	C:\Windows\SYSTEM32\profapi.dll
0x00007ff8a3be0000 - 0x00007ff8a3c59000 	C:\Windows\System32\coml2.dll
0x00007ff8801a0000 - 0x00007ff8801c5000 	C:\Program Files\Eclipse Adoptium\jdk-17.0.18.8-hotspot\bin\java.dll

dbghelp: loaded successfully - version: 4.0.5 - missing functions: none
symbol engine: initialized successfully - sym options: 0x614 - pdb path: .;C:\Program Files\Eclipse Adoptium\jdk-17.0.18.8-hotspot\bin;C:\Windows\SYSTEM32;c:\Users\MAY\AppData\Local\Programs\Trae\resources\app\modules\sandbox\x64;C:\Windows\WinSxS\amd64_microsoft.windows.common-controls_6595b64144ccf1df_6.0.19041.4355_none_60b8b9eb71f62e16;C:\Program Files\Eclipse Adoptium\jdk-17.0.18.8-hotspot\bin\server

VM Arguments:
java_command: <unknown>
java_class_path (initial): <not set>
Launcher Type: SUN_STANDARD

[Global flags]
     intx CICompilerCount                          = 4                                         {product} {ergonomic}
     uint ConcGCThreads                            = 2                                         {product} {ergonomic}
     uint G1ConcRefinementThreads                  = 8                                         {product} {ergonomic}
   size_t G1HeapRegionSize                         = 1048576                                   {product} {ergonomic}
    uintx GCDrainStackTargetSize                   = 64                                        {product} {ergonomic}
   size_t InitialHeapSize                          = 132120576                                 {product} {ergonomic}
   size_t MarkStackSize                            = 4194304                                   {product} {ergonomic}
   size_t MaxHeapSize                              = 2101346304                                {product} {ergonomic}
   size_t MinHeapDeltaBytes                        = 1048576                                   {product} {ergonomic}
   size_t MinHeapSize                              = 8388608                                   {product} {ergonomic}
    uintx NonNMethodCodeHeapSize                   = 5839372                                {pd product} {ergonomic}
    uintx NonProfiledCodeHeapSize                  = 122909434                              {pd product} {ergonomic}
    uintx ProfiledCodeHeapSize                     = 122909434                              {pd product} {ergonomic}
    uintx ReservedCodeCacheSize                    = 251658240                              {pd product} {ergonomic}
     bool SegmentedCodeCache                       = true                                      {product} {ergonomic}
   size_t SoftMaxHeapSize                          = 2101346304                             {manageable} {ergonomic}
     bool UseCompressedClassPointers               = true                           {product lp64_product} {ergonomic}
     bool UseCompressedOops                        = true                           {product lp64_product} {ergonomic}
     bool UseG1GC                                  = true                                      {product} {ergonomic}
     bool UseLargePagesIndividualAllocation        = false                                  {pd product} {ergonomic}

Logging:
Log output configuration:
 #0: stdout all=warning uptime,level,tags
 #1: stderr all=off uptime,level,tags

Environment Variables:
PATH=c:\Users\MAY\.trae\tools\trae-gopls\current;c:\Users\MAY\.trae\sdks\workspaces\5c5792be\versions\node\current;c:\Users\MAY\.trae\sdks\versions\node\current;C:\Program Files\Eclipse Adoptium\jdk-17.0.18.8-hotspot\bin;C:\Program Files\Common Files\Oracle\Java\javapath;C:\Windows\system32;C:\Windows;C:\Windows\System32\Wbem;C:\Windows\System32\WindowsPowerShell\v1.0\;C:\Windows\System32\OpenSSH\;C:\Program Files (x86)\Intel\Intel(R) Management Engine Components\DAL;C:\Program Files\Intel\Intel(R) Management Engine Components\DAL;C:\Program Files\dotnet\;D:\LTMB_Tools\flutter\bin;C:\Program Files\Git\cmd;C:\Program Files\cursor\resources\app\bin;D:\kotlinc\bin;C:\Users\MAY\AppData\Local\Programs\Python\Python38\Scripts\;C:\Users\MAY\AppData\Local\Programs\Python\Python38\;C:\Users\MAY\AppData\Local\Programs\Python\Launcher\;C:\Users\MAY\AppData\Local\Programs\Eclipse Adoptium\jdk-8.0.452.9-hotspot\bin;C:\Users\MAY\AppData\Local\Microsoft\WindowsApps;C:\Users\MAY\AppData\Local\Programs\Microsoft VS Code\bin;D:\LTMB_Tools\flutter\bin;C:\Program Files\JetBrains\PyCharm 2025.2.4\bin;c:\Users\MAY\AppData\Local\Programs\Trae\resources\app\node_modules\@vscode\ripgrep\bin;c:\Users\MAY\AppData\Local\Programs\Trae\resources\app\node_modules\@vscode\ripgrep\bin
USERNAME=ADMIN
LANG=en_US.UTF-8
OS=Windows_NT
PROCESSOR_IDENTIFIER=Intel64 Family 6 Model 142 Stepping 12, GenuineIntel
TMP=D:\Temp
TEMP=D:\Temp



Periodic native trim disabled


---------------  S Y S T E M  ---------------

OS:
 Windows 10 , 64 bit Build 19041 (10.0.19041.3636)
OS uptime: 0 days 8:15 hours

CPU: total 8 (initial active 8) (4 cores per cpu, 2 threads per core) family 6 model 142 stepping 12 microcode 0xfe, cx8, cmov, fxsr, ht, mmx, 3dnowpref, sse, sse2, sse3, ssse3, sse4.1, sse4.2, popcnt, lzcnt, tsc, tscinvbit, avx, avx2, aes, erms, clmul, bmi1, bmi2, adx, fma, vzeroupper, clflush, clflushopt
Processor Information for all 8 processors :
  Max Mhz: 1800, Current Mhz: 1600, Mhz Limit: 1584

Memory: 4k page, system-wide physical 8012M (461M free)
TotalPageFile size 18391M (AvailPageFile size 6M)
current process WorkingSet (physical memory assigned to process): 24M, peak: 24M
current process commit charge ("private bytes"): 58M, peak: 59M

vm_info: OpenJDK 64-Bit Server VM (17.0.18+8) for windows-amd64 JRE (17.0.18+8), built on Jan 20 2026 22:28:22 by "admin" with MS VC++ 17.12 (VS2022)

END.
